// Jest Snapshot v1, https://goo.gl/fbAQLP

exports[`documentation group links 1`] = `
Array [
  <li
    className="_38IL5xx6MzHEv52EctnPV_"
  >
    <a
      className="_38IL5xx6MzHEv52EctnPV_ _1HF_Uc-LbdRZywnGmFDG7k"
      href="mock_url"
      rel="noopener noreferrer"
      target="_blank"
    >
      <div
        className="_3Wbxt6soOkNE807wmyu_iI"
      >
        <div
          className="_1Ai3EiPwY-pZNUwN6mrrmu"
        />
        <div
          className="_3ejht2paDjYw7X613AENsu"
        >
          <span
            className="_2UHrI1QWqxLhuY_tZNdPZo _1XC6NkjLjDAWYIpUQk5eHx _1Bzmq62UqnegYx7zkkgnjt _3McV6_vYIoTTSdX0ayC7p5"
          >
            jahia-ui-root:primaryNavigation.documentation.newAtJahia
          </span>
        </div>
      </div>
    </a>
  </li>,
  <li
    className="_38IL5xx6MzHEv52EctnPV_"
  >
    <a
      className="_38IL5xx6MzHEv52EctnPV_ _1HF_Uc-LbdRZywnGmFDG7k"
      href="mock_url"
      rel="noopener noreferrer"
      target="_blank"
    >
      <div
        className="_3Wbxt6soOkNE807wmyu_iI"
      >
        <div
          className="_1Ai3EiPwY-pZNUwN6mrrmu"
        />
        <div
          className="_3ejht2paDjYw7X613AENsu"
        >
          <span
            className="_2UHrI1QWqxLhuY_tZNdPZo _1XC6NkjLjDAWYIpUQk5eHx _1Bzmq62UqnegYx7zkkgnjt _3McV6_vYIoTTSdX0ayC7p5"
          >
            jahia-ui-root:primaryNavigation.documentation.label
          </span>
        </div>
      </div>
    </a>
  </li>,
]
`;
