// Jest Snapshot v1, https://goo.gl/fbAQLP

exports[`primary nav group collapsed and empty nav bar 1`] = `
Array [
  <li
    className="moonstone-primaryNavItemsGroup"
  >
    <hr
      className="moonstone-separator moonstone-separator_horizontal moonstone-size_large moonstone-spacing_small"
    />
  </li>,
  <li
    className="moonstone-primaryNavItemsGroup"
  >
    <ul />
  </li>,
]
`;

exports[`primary nav group collapsed and not empty nav bar 1`] = `
Array [
  <li
    className="moonstone-primaryNavItemsGroup"
  >
    <hr
      className="moonstone-separator moonstone-separator_horizontal moonstone-size_large moonstone-spacing_small"
    />
  </li>,
  <li
    className="moonstone-primaryNavItemsGroup"
  >
    <ul />
  </li>,
]
`;

exports[`primary nav group expanded and empty nav bar 1`] = `null`;

exports[`primary nav group expanded and not empty nav bar 1`] = `null`;
