// Jest Snapshot v1, https://goo.gl/fbAQLP

exports[`primary nav group collapsed and empty nav bar 1`] = `
<DocumentFragment>
  <li
    class="Zbf5IjDJoFOYgLMhuYJX3"
  >
    <hr
      class="AzU6OD_KpO59W4OjMaKrt _1nz23RxJRG8lzjw4UEkam1 _3ehD-Vp1xzL3c4pv4NXQRU _1c9yGr-7IZ-IwQq0y_q_IK"
    />
  </li>
  <li
    class="Zbf5IjDJoFOYgLMhuYJX3"
  >
    <ul />
  </li>
</DocumentFragment>
`;
